exports[`test should work as a wrapping function 1`] = `
<div
  class="blue_532ba_2">
  Blue Content
</div>
`;

exports[`test should wrap a component and inject styles prop 1`] = `
<div
  class="blue_532ba_2">
  Blue Content
</div>
`;
